apiVersion: v1
kind: ConfigMap
metadata:
  name: webapp-config
data: {}
