-- out/export/embeddedstruct/serviceaccount_imthename.yaml --
apiVersion: v1
kind: ServiceAccount
metadata:
  labels:
    app: imthename
  name: imthename
  namespace: defaultns
-- out/export/embeddedstruct/clusterrolebinding_imthename.yaml --
apiVersion: rbac.authorization.k8s.io/v1
kind: ClusterRoleBinding
metadata:
  labels:
    app: imthename
  name: imthename
roleRef:
  apiGroup: rbac.authorization.k8s.io
  kind: ClusterRole
  name: imthename
subjects:
- kind: ServiceAccount
  name: imthename
  namespace: defaultns
-- out/export/embeddedstruct/clusterrole_imthename.yaml --
apiVersion: rbac.authorization.k8s.io/v1
kind: ClusterRole
metadata:
  labels:
    app: imthename
  name: imthename
rules:
- apiGroups:
  - '*'
  resources:
  - '*'
  verbs:
  - '*'
-- out/export/embeddedstruct/deployment_anotherimthename.yaml --
apiVersion: apps/v1
kind: Deployment
metadata:
  labels:
    app: imthename
  name: anotherimthename
  namespace: defaultns
spec:
  replicas: 1
  selector:
    matchLabels:
      app: imthename
  strategy: {}
  template:
    metadata:
      creationTimestamp: null
      labels:
        app: imthename
    spec:
      containers:
      - image: nginx:latest
        name: anotherimthename
        resources: {}
      serviceAccountName: anotherimthename
-- out/export/embeddedstruct/deployment_imthename.yaml --
apiVersion: apps/v1
kind: Deployment
metadata:
  labels:
    app: imthename
  name: imthename
  namespace: defaultns
spec:
  replicas: 1
  selector:
    matchLabels:
      app: imthename
  strategy: {}
  template:
    metadata:
      creationTimestamp: null
      labels:
        app: imthename
    spec:
      containers:
      - image: nginx:latest
        name: imthename
        resources: {}
      serviceAccountName: imthename
