-- out/export/embeddedstruct/defaultns/serviceaccount_imthename.json --
{"kind":"ServiceAccount","apiVersion":"v1","metadata":{"name":"imthename","namespace":"defaultns","labels":{"app":"imthename"}}}
-- out/export/embeddedstruct/_cluster/rbac/clusterrolebinding_imthename.json --
{"kind":"ClusterRoleBinding","apiVersion":"rbac.authorization.k8s.io/v1","metadata":{"name":"imthename","labels":{"app":"imthename"}},"subjects":[{"kind":"ServiceAccount","name":"imthename","namespace":"defaultns"}],"roleRef":{"apiGroup":"rbac.authorization.k8s.io","kind":"ClusterRole","name":"imthename"}}
-- out/export/embeddedstruct/_cluster/rbac/clusterrole_imthename.json --
{"kind":"ClusterRole","apiVersion":"rbac.authorization.k8s.io/v1","metadata":{"name":"imthename","labels":{"app":"imthename"}},"rules":[{"verbs":["*"],"apiGroups":["*"],"resources":["*"]}]}
-- out/export/embeddedstruct/defaultns/deployment_anotherimthename.json --
{"kind":"Deployment","apiVersion":"apps/v1","metadata":{"name":"anotherimthename","namespace":"defaultns","labels":{"app":"imthename"}},"spec":{"replicas":1,"selector":{"matchLabels":{"app":"imthename"}},"template":{"metadata":{"creationTimestamp":null,"labels":{"app":"imthename"}},"spec":{"containers":[{"name":"anotherimthename","image":"nginx:latest","resources":{}}],"serviceAccountName":"anotherimthename"}},"strategy":{}}}
-- out/export/embeddedstruct/defaultns/deployment_imthename.json --
{"kind":"Deployment","apiVersion":"apps/v1","metadata":{"name":"imthename","namespace":"defaultns","labels":{"app":"imthename"}},"spec":{"replicas":1,"selector":{"matchLabels":{"app":"imthename"}},"template":{"metadata":{"creationTimestamp":null,"labels":{"app":"imthename"}},"spec":{"containers":[{"name":"imthename","image":"nginx:latest","resources":{}}],"serviceAccountName":"imthename"}},"strategy":{}}}
