-- out/1_iamcr.yaml --
apiVersion: rbac.authorization.k8s.io/v1
kind: ClusterRole
metadata:
  labels:
    app: fyaml
  name: fyaml
rules:
- apiGroups:
  - '*'
  resources:
  - '*'
  verbs:
  - '*'
-- out/1_iamsa.yaml --
apiVersion: v1
kind: ServiceAccount
metadata:
  labels:
    app: fyaml
  name: fyaml
  namespace: defaultns
-- out/2_iamcrb.yaml --
apiVersion: rbac.authorization.k8s.io/v1
kind: ClusterRoleBinding
metadata:
  labels:
    app: fyaml
  name: fyaml
roleRef:
  apiGroup: rbac.authorization.k8s.io
  kind: ClusterRole
  name: fyaml
subjects:
- kind: ServiceAccount
  name: fyaml
  namespace: defaultns
-- out/3_depl.yaml --
apiVersion: apps/v1
kind: Deployment
metadata:
  labels:
    app: fyaml
  name: fyaml
  namespace: defaultns
spec:
  replicas: 1
  selector:
    matchLabels:
      app: fyaml
  strategy: {}
  template:
    metadata:
      creationTimestamp: null
      labels:
        app: fyaml
    spec:
      containers:
      - image: nginx:latest
        name: fyaml
        resources: {}
      serviceAccountName: fyaml
-- out/3_iamdepl.yaml --
apiVersion: apps/v1
kind: Deployment
metadata:
  labels:
    app: fyaml
  name: anotherfyaml
  namespace: defaultns
spec:
  replicas: 1
  selector:
    matchLabels:
      app: fyaml
  strategy: {}
  template:
    metadata:
      creationTimestamp: null
      labels:
        app: fyaml
    spec:
      containers:
      - image: nginx:latest
        name: anotherfyaml
        resources: {}
      serviceAccountName: anotherfyaml
