&v1.Secret{
	Data:       map[string][]byte{"bla": []byte("<REDACTED>")},
	ObjectMeta: v11.ObjectMeta{Name: "super-secret"},
	TypeMeta: v11.TypeMeta{
		APIVersion: "v1",
		Kind:       "Secret",
	},
} // TODO: SECRETS SHOULD BE STORED ELSEWHERE THAN IN THE CODE!!!!